// Jest Snapshot v1, https://goo.gl/fbAQLP

exports[`should renders correctly 1`] = `
<View
  style={
    Object {
      "flex": 1,
    }
  }
>
  <View
    style={Object {}}
  >
    <View
      accessible={true}
      isTVSelectable={true}
      onResponderGrant={[Function]}
      onResponderMove={[Function]}
      onResponderRelease={[Function]}
      onResponderTerminate={[Function]}
      onResponderTerminationRequest={[Function]}
      onStartShouldSetResponder={[Function]}
      style={
        Object {
          "alignItems": "center",
          "backgroundColor": "transparent",
          "borderBottomWidth": 1,
          "borderColor": "#D9D5DC",
          "borderLeftWidth": 0,
          "borderRadius": undefined,
          "borderRightWidth": 0,
          "borderTopWidth": 0,
          "borderWidth": undefined,
          "flexDirection": "row",
          "marginLeft": 15,
          "opacity": 1,
        }
      }
    >
      <TextInput
        allowFontScaling={true}
        editable={true}
        onChangeText={[Function]}
        placeholder="Username"
        placeholderTextColor="#575757"
        rejectResponderTermination={true}
        style={
          Object {
            "color": "#000",
            "flex": 1,
            "fontSize": 17,
            "height": 50,
            "paddingLeft": 5,
            "paddingRight": 5,
            "top": 1.5,
          }
        }
        underlineColorAndroid="rgba(0,0,0,0)"
        value="me@bikechain.com"
      />
    </View>
    <View
      accessible={true}
      isTVSelectable={true}
      onResponderGrant={[Function]}
      onResponderMove={[Function]}
      onResponderRelease={[Function]}
      onResponderTerminate={[Function]}
      onResponderTerminationRequest={[Function]}
      onStartShouldSetResponder={[Function]}
      style={
        Object {
          "alignItems": "center",
          "backgroundColor": "transparent",
          "borderBottomWidth": 1,
          "borderColor": "#D9D5DC",
          "borderLeftWidth": 0,
          "borderRadius": undefined,
          "borderRightWidth": 0,
          "borderTopWidth": 0,
          "borderWidth": undefined,
          "flexDirection": "row",
          "marginLeft": 0,
          "opacity": 1,
          "paddingLeft": 15,
        }
      }
    >
      <TextInput
        allowFontScaling={true}
        editable={true}
        onChangeText={[Function]}
        placeholder="Password"
        placeholderTextColor="#575757"
        rejectResponderTermination={true}
        secureTextEntry={true}
        style={
          Object {
            "color": "#000",
            "flex": 1,
            "fontSize": 17,
            "height": 50,
            "paddingLeft": 5,
            "paddingRight": 5,
            "top": 1.5,
          }
        }
        underlineColorAndroid="rgba(0,0,0,0)"
        value="password"
      />
    </View>
    <View
      accessible={true}
      isTVSelectable={true}
      onResponderGrant={[Function]}
      onResponderMove={[Function]}
      onResponderRelease={[Function]}
      onResponderTerminate={[Function]}
      onResponderTerminationRequest={[Function]}
      onStartShouldSetResponder={[Function]}
      style={
        Object {
          "alignItems": "center",
          "alignSelf": "flex-start",
          "backgroundColor": "#007aff",
          "borderBottomWidth": null,
          "borderColor": "#007aff",
          "borderLeftWidth": null,
          "borderRadius": 5,
          "borderRightWidth": null,
          "borderTopWidth": null,
          "borderWidth": undefined,
          "elevation": 2,
          "flexDirection": "row",
          "height": 45,
          "justifyContent": "space-between",
          "opacity": 1,
          "paddingBottom": 6,
          "paddingTop": 6,
          "shadowColor": undefined,
          "shadowOffset": undefined,
          "shadowOpacity": undefined,
          "shadowRadius": undefined,
        }
      }
    >
      <Text
        style={
          Object {
            "backgroundColor": "transparent",
            "color": "#fff",
            "fontFamily": "System",
            "fontSize": 16.5,
            "marginLeft": 0,
            "marginRight": 0,
            "paddingLeft": 16,
            "paddingRight": 16,
          }
        }
        uppercase={false}
      >
        LOGIN
      </Text>
    </View>
  </View>
</View>
`;
